2026-10-08 15:42:59 | common | default_trace_id | INFO | Registered connector pool type: default
2026-10-08 15:43:00 | common | default_trace_id | INFO | Registered connector pool type: httpx
2026-10-08 15:43:00 | common | default_trace_id | INFO | Registered query expression support for milvus
2026-10-08 15:43:00 | common | default_trace_id | INFO | Registered query expression support for chroma
2026-10-08 15:43:00 | common | default_trace_id | INFO | Registered parser ExcelParser for .xlsx
2026-10-08 15:43:00 | common | default_trace_id | INFO | Registered parser ExcelParser for .csv
2026-10-08 15:43:00 | common | default_trace_id | INFO | Registered parser ExcelParser for .tsv
2026-10-08 15:43:00 | common | default_trace_id | INFO | Registered parser TxtMdParser for .txt
2026-10-08 15:43:00 | common | default_trace_id | INFO | Registered parser TxtMdParser for .md
2026-10-08 15:43:00 | common | default_trace_id | INFO | Registered parser TxtMdParser for .markdown
2026-10-08 15:43:00 | common | default_trace_id | INFO | Registered parser HTMLFileParser for .htm
2026-10-08 15:43:00 | common | default_trace_id | INFO | Registered parser HTMLFileParser for .html
2026-10-08 15:43:00 | common | default_trace_id | INFO | Registered parser JSONParser for .json
2026-10-08 15:43:00 | common | default_trace_id | INFO | Registered parser PDFParser for .pdf
2026-10-08 15:43:00 | common | default_trace_id | INFO | Registered parser WordParser for .docx
2026-10-08 15:43:00 | common | default_trace_id | INFO | Registered parser ImageParser for .png
2026-10-08 15:43:00 | common | default_trace_id | INFO | Registered parser ImageParser for .jpg
2026-10-08 15:43:00 | common | default_trace_id | INFO | Registered parser ImageParser for .jpeg
2026-10-08 15:43:00 | common | default_trace_id | INFO | Registered parser ImageParser for .webp
2026-10-08 15:43:00 | common | default_trace_id | INFO | Registered parser ImageParser for .gif
2026-10-08 15:43:00 | common | default_trace_id | INFO | Registered parser ImageParser for .jfif
2026-10-08 15:43:04 | common | default_trace_id | INFO | Registered connector pool type: default
2026-10-08 15:43:04 | common | default_trace_id | INFO | Registered connector pool type: httpx
2026-10-08 15:43:09 | common | default_trace_id | INFO | Registered connector pool type: default
2026-10-08 15:43:10 | common | default_trace_id | INFO | Registered connector pool type: httpx
2026-10-08 15:43:10 | common | default_trace_id | INFO | Registered query expression support for milvus
2026-10-08 15:43:10 | common | default_trace_id | INFO | Registered query expression support for chroma
2026-10-08 15:43:10 | common | default_trace_id | INFO | Registered parser ExcelParser for .xlsx
2026-10-08 15:43:10 | common | default_trace_id | INFO | Registered parser ExcelParser for .csv
2026-10-08 15:43:10 | common | default_trace_id | INFO | Registered parser ExcelParser for .tsv
2026-10-08 15:43:10 | common | default_trace_id | INFO | Registered parser TxtMdParser for .txt
2026-10-08 15:43:10 | common | default_trace_id | INFO | Registered parser TxtMdParser for .md
2026-10-08 15:43:10 | common | default_trace_id | INFO | Registered parser TxtMdParser for .markdown
2026-10-08 15:43:10 | common | default_trace_id | INFO | Registered parser HTMLFileParser for .htm
2026-10-08 15:43:10 | common | default_trace_id | INFO | Registered parser HTMLFileParser for .html
2026-10-08 15:43:10 | common | default_trace_id | INFO | Registered parser JSONParser for .json
2026-10-08 15:43:10 | common | default_trace_id | INFO | Registered parser PDFParser for .pdf
2026-10-08 15:43:10 | common | default_trace_id | INFO | Registered parser WordParser for .docx
2026-10-08 15:43:10 | common | default_trace_id | INFO | Registered parser ImageParser for .png
2026-10-08 15:43:10 | common | default_trace_id | INFO | Registered parser ImageParser for .jpg
2026-10-08 15:43:10 | common | default_trace_id | INFO | Registered parser ImageParser for .jpeg
2026-10-08 15:43:10 | common | default_trace_id | INFO | Registered parser ImageParser for .webp
2026-10-08 15:43:10 | common | default_trace_id | INFO | Registered parser ImageParser for .gif
2026-10-08 15:43:10 | common | default_trace_id | INFO | Registered parser ImageParser for .jfif
2026-10-08 15:43:20 | common | default_trace_id | INFO | Registered connector pool type: default
2026-10-08 15:43:20 | common | default_trace_id | INFO | Registered connector pool type: httpx
2026-10-08 15:43:20 | common | default_trace_id | INFO | Registered query expression support for milvus
2026-10-08 15:43:20 | common | default_trace_id | INFO | Registered query expression support for chroma
2026-10-08 15:43:20 | common | default_trace_id | INFO | Registered parser ExcelParser for .xlsx
2026-10-08 15:43:20 | common | default_trace_id | INFO | Registered parser ExcelParser for .csv
2026-10-08 15:43:20 | common | default_trace_id | INFO | Registered parser ExcelParser for .tsv
2026-10-08 15:43:20 | common | default_trace_id | INFO | Registered parser TxtMdParser for .txt
2026-10-08 15:43:20 | common | default_trace_id | INFO | Registered parser TxtMdParser for .md
2026-10-08 15:43:20 | common | default_trace_id | INFO | Registered parser TxtMdParser for .markdown
2026-10-08 15:43:20 | common | default_trace_id | INFO | Registered parser HTMLFileParser for .htm
2026-10-08 15:43:20 | common | default_trace_id | INFO | Registered parser HTMLFileParser for .html
2026-10-08 15:43:20 | common | default_trace_id | INFO | Registered parser JSONParser for .json
2026-10-08 15:43:21 | common | default_trace_id | INFO | Registered parser PDFParser for .pdf
2026-10-08 15:43:21 | common | default_trace_id | INFO | Registered parser WordParser for .docx
2026-10-08 15:43:21 | common | default_trace_id | INFO | Registered parser ImageParser for .png
2026-10-08 15:43:21 | common | default_trace_id | INFO | Registered parser ImageParser for .jpg
2026-10-08 15:43:21 | common | default_trace_id | INFO | Registered parser ImageParser for .jpeg
2026-10-08 15:43:21 | common | default_trace_id | INFO | Registered parser ImageParser for .webp
2026-10-08 15:43:21 | common | default_trace_id | INFO | Registered parser ImageParser for .gif
2026-10-08 15:43:21 | common | default_trace_id | INFO | Registered parser ImageParser for .jfif
2026-10-08 15:43:21 | common | default_trace_id | WARNING | Ignoring undefined fields for GraphEvent: error_msg
2026-10-08 15:43:21 | common | default_trace_id | WARNING | Ignoring undefined fields for GraphEvent: error_msg
2026-10-08 15:43:30 | common | default_trace_id | INFO | Registered connector pool type: default
2026-10-08 15:43:30 | common | default_trace_id | INFO | Registered connector pool type: default
2026-10-08 15:43:30 | common | default_trace_id | INFO | Registered connector pool type: httpx
2026-10-08 15:43:30 | common | default_trace_id | INFO | Registered connector pool type: httpx
2026-10-08 15:43:30 | common | default_trace_id | INFO | Registered query expression support for milvus
2026-10-08 15:43:30 | common | default_trace_id | INFO | Registered query expression support for chroma
2026-10-08 15:43:30 | common | default_trace_id | INFO | Registered query expression support for milvus
2026-10-08 15:43:30 | common | default_trace_id | INFO | Registered query expression support for chroma
2026-10-08 15:43:30 | common | default_trace_id | INFO | Registered parser ExcelParser for .xlsx
2026-10-08 15:43:30 | common | default_trace_id | INFO | Registered parser ExcelParser for .csv
2026-10-08 15:43:30 | common | default_trace_id | INFO | Registered parser ExcelParser for .tsv
2026-10-08 15:43:30 | common | default_trace_id | INFO | Registered parser ExcelParser for .xlsx
2026-10-08 15:43:30 | common | default_trace_id | INFO | Registered parser ExcelParser for .csv
2026-10-08 15:43:30 | common | default_trace_id | INFO | Registered parser ExcelParser for .tsv
2026-10-08 15:43:30 | common | default_trace_id | INFO | Registered parser TxtMdParser for .txt
2026-10-08 15:43:30 | common | default_trace_id | INFO | Registered parser TxtMdParser for .md
2026-10-08 15:43:30 | common | default_trace_id | INFO | Registered parser TxtMdParser for .markdown
2026-10-08 15:43:30 | common | default_trace_id | INFO | Registered parser HTMLFileParser for .htm
2026-10-08 15:43:30 | common | default_trace_id | INFO | Registered parser HTMLFileParser for .html
2026-10-08 15:43:30 | common | default_trace_id | INFO | Registered parser JSONParser for .json
2026-10-08 15:43:30 | common | default_trace_id | INFO | Registered parser TxtMdParser for .txt
2026-10-08 15:43:30 | common | default_trace_id | INFO | Registered parser TxtMdParser for .md
2026-10-08 15:43:30 | common | default_trace_id | INFO | Registered parser TxtMdParser for .markdown
2026-10-08 15:43:30 | common | default_trace_id | INFO | Registered parser HTMLFileParser for .htm
2026-10-08 15:43:30 | common | default_trace_id | INFO | Registered parser HTMLFileParser for .html
2026-10-08 15:43:30 | common | default_trace_id | INFO | Registered parser JSONParser for .json
2026-10-08 15:43:30 | common | default_trace_id | INFO | Registered parser PDFParser for .pdf
2026-10-08 15:43:30 | common | default_trace_id | INFO | Registered parser PDFParser for .pdf
2026-10-08 15:43:30 | common | default_trace_id | INFO | Registered parser WordParser for .docx
2026-10-08 15:43:30 | common | default_trace_id | INFO | Registered parser ImageParser for .png
2026-10-08 15:43:30 | common | default_trace_id | INFO | Registered parser ImageParser for .jpg
2026-10-08 15:43:30 | common | default_trace_id | INFO | Registered parser ImageParser for .jpeg
2026-10-08 15:43:30 | common | default_trace_id | INFO | Registered parser ImageParser for .webp
2026-10-08 15:43:30 | common | default_trace_id | INFO | Registered parser ImageParser for .gif
2026-10-08 15:43:30 | common | default_trace_id | INFO | Registered parser ImageParser for .jfif
2026-10-08 15:43:30 | common | default_trace_id | INFO | Registered parser WordParser for .docx
2026-10-08 15:43:30 | common | default_trace_id | INFO | Registered parser ImageParser for .png
2026-10-08 15:43:30 | common | default_trace_id | INFO | Registered parser ImageParser for .jpg
2026-10-08 15:43:30 | common | default_trace_id | INFO | Registered parser ImageParser for .jpeg
2026-10-08 15:43:30 | common | default_trace_id | INFO | Registered parser ImageParser for .webp
2026-10-08 15:43:30 | common | default_trace_id | INFO | Registered parser ImageParser for .gif
2026-10-08 15:43:30 | common | default_trace_id | INFO | Registered parser ImageParser for .jfif
2026-10-08 15:43:39 | common | default_trace_id | INFO | Registered connector pool type: default
2026-10-08 15:43:39 | common | default_trace_id | INFO | Registered connector pool type: httpx
2026-10-08 15:43:40 | common | default_trace_id | INFO | Registered query expression support for milvus
2026-10-08 15:43:40 | common | default_trace_id | INFO | Registered query expression support for chroma
2026-10-08 15:43:40 | common | default_trace_id | INFO | Registered parser ExcelParser for .xlsx
2026-10-08 15:43:40 | common | default_trace_id | INFO | Registered parser ExcelParser for .csv
2026-10-08 15:43:40 | common | default_trace_id | INFO | Registered parser ExcelParser for .tsv
2026-10-08 15:43:40 | common | default_trace_id | INFO | Registered parser TxtMdParser for .txt
2026-10-08 15:43:40 | common | default_trace_id | INFO | Registered parser TxtMdParser for .md
2026-10-08 15:43:40 | common | default_trace_id | INFO | Registered parser TxtMdParser for .markdown
2026-10-08 15:43:40 | common | default_trace_id | INFO | Registered parser HTMLFileParser for .htm
2026-10-08 15:43:40 | common | default_trace_id | INFO | Registered parser HTMLFileParser for .html
2026-10-08 15:43:40 | common | default_trace_id | INFO | Registered parser JSONParser for .json
2026-10-08 15:43:40 | common | default_trace_id | INFO | Registered parser PDFParser for .pdf
2026-10-08 15:43:40 | common | default_trace_id | INFO | Registered parser WordParser for .docx
2026-10-08 15:43:40 | common | default_trace_id | INFO | Registered parser ImageParser for .png
2026-10-08 15:43:40 | common | default_trace_id | INFO | Registered parser ImageParser for .jpg
2026-10-08 15:43:40 | common | default_trace_id | INFO | Registered parser ImageParser for .jpeg
2026-10-08 15:43:40 | common | default_trace_id | INFO | Registered parser ImageParser for .webp
2026-10-08 15:43:40 | common | default_trace_id | INFO | Registered parser ImageParser for .gif
2026-10-08 15:43:40 | common | default_trace_id | INFO | Registered parser ImageParser for .jfif
2026-10-08 15:43:40 | common | default_trace_id | WARNING | Ignoring undefined fields for GraphEvent: error_msg
2026-10-08 15:43:40 | common | default_trace_id | WARNING | Ignoring undefined fields for GraphEvent: error_msg
2026-10-08 15:43:49 | common | default_trace_id | INFO | Registered connector pool type: default
2026-10-08 15:43:50 | common | default_trace_id | INFO | Registered connector pool type: httpx
2026-10-08 15:43:50 | common | default_trace_id | INFO | Registered query expression support for milvus
2026-10-08 15:43:50 | common | default_trace_id | INFO | Registered query expression support for chroma
2026-10-08 15:43:50 | common | default_trace_id | INFO | Registered parser ExcelParser for .xlsx
2026-10-08 15:43:50 | common | default_trace_id | INFO | Registered parser ExcelParser for .csv
2026-10-08 15:43:50 | common | default_trace_id | INFO | Registered parser ExcelParser for .tsv
2026-10-08 15:43:50 | common | default_trace_id | INFO | Registered parser TxtMdParser for .txt
2026-10-08 15:43:50 | common | default_trace_id | INFO | Registered parser TxtMdParser for .md
2026-10-08 15:43:50 | common | default_trace_id | INFO | Registered parser TxtMdParser for .markdown
2026-10-08 15:43:50 | common | default_trace_id | INFO | Registered parser HTMLFileParser for .htm
2026-10-08 15:43:50 | common | default_trace_id | INFO | Registered parser HTMLFileParser for .html
2026-10-08 15:43:50 | common | default_trace_id | INFO | Registered parser JSONParser for .json
2026-10-08 15:43:50 | common | default_trace_id | INFO | Registered parser PDFParser for .pdf
2026-10-08 15:43:50 | common | default_trace_id | INFO | Registered parser WordParser for .docx
2026-10-08 15:43:50 | common | default_trace_id | INFO | Registered parser ImageParser for .png
2026-10-08 15:43:50 | common | default_trace_id | INFO | Registered parser ImageParser for .jpg
2026-10-08 15:43:50 | common | default_trace_id | INFO | Registered parser ImageParser for .jpeg
2026-10-08 15:43:50 | common | default_trace_id | INFO | Registered parser ImageParser for .webp
2026-10-08 15:43:50 | common | default_trace_id | INFO | Registered parser ImageParser for .gif
2026-10-08 15:43:50 | common | default_trace_id | INFO | Registered parser ImageParser for .jfif
2026-10-08 15:43:51 | common | default_trace_id | WARNING | Ignoring undefined fields for GraphEvent: error_msg
2026-10-08 15:43:51 | common | default_trace_id | WARNING | Ignoring undefined fields for GraphEvent: error_msg
2026-10-08 15:44:45 | common | default_trace_id | INFO | Registered connector pool type: default
2026-10-08 15:44:46 | common | default_trace_id | INFO | Registered connector pool type: httpx
2026-10-08 15:44:46 | common | default_trace_id | INFO | Registered query expression support for milvus
2026-10-08 15:44:46 | common | default_trace_id | INFO | Registered query expression support for chroma
2026-10-08 15:44:46 | common | default_trace_id | INFO | Registered parser ExcelParser for .xlsx
2026-10-08 15:44:46 | common | default_trace_id | INFO | Registered parser ExcelParser for .csv
2026-10-08 15:44:46 | common | default_trace_id | INFO | Registered parser ExcelParser for .tsv
2026-10-08 15:44:46 | common | default_trace_id | INFO | Registered parser TxtMdParser for .txt
2026-10-08 15:44:46 | common | default_trace_id | INFO | Registered parser TxtMdParser for .md
2026-10-08 15:44:46 | common | default_trace_id | INFO | Registered parser TxtMdParser for .markdown
2026-10-08 15:44:46 | common | default_trace_id | INFO | Registered parser HTMLFileParser for .htm
2026-10-08 15:44:46 | common | default_trace_id | INFO | Registered parser HTMLFileParser for .html
2026-10-08 15:44:46 | common | default_trace_id | INFO | Registered parser JSONParser for .json
2026-10-08 15:44:46 | common | default_trace_id | INFO | Registered parser PDFParser for .pdf
2026-10-08 15:44:46 | common | default_trace_id | INFO | Registered parser WordParser for .docx
2026-10-08 15:44:46 | common | default_trace_id | INFO | Registered parser ImageParser for .png
2026-10-08 15:44:46 | common | default_trace_id | INFO | Registered parser ImageParser for .jpg
2026-10-08 15:44:46 | common | default_trace_id | INFO | Registered parser ImageParser for .jpeg
2026-10-08 15:44:46 | common | default_trace_id | INFO | Registered parser ImageParser for .webp
2026-10-08 15:44:46 | common | default_trace_id | INFO | Registered parser ImageParser for .gif
2026-10-08 15:44:46 | common | default_trace_id | INFO | Registered parser ImageParser for .jfif
2026-10-08 15:44:47 | common | default_trace_id | WARNING | Ignoring undefined fields for GraphEvent: error_msg
2026-10-08 15:44:47 | common | default_trace_id | WARNING | Ignoring undefined fields for GraphEvent: error_msg
